// Jest Snapshot v1, https://goo.gl/fbAQLP

exports[`PageHeader component should match the snapshot 1`] = `
<div
  className="mb-3 mt-3"
>
  <h1>
    Page Header
  </h1>
</div>
`;
